#-----------------------------------------------------------
# Vivado v2018.2 (64-bit)
# SW Build 2258646 on Thu Jun 14 20:03:12 MDT 2018
# IP Build 2256618 on Thu Jun 14 22:10:49 MDT 2018
# Start of session at: Tue Oct 21 16:26:43 2025
# Process ID: 30940
# Current directory: C:/Users/User/Downloads/EE2026_proj/FDP
# Command line: vivado.exe -gui_launcher_event rodinguilauncherevent14016 C:\Users\User\Downloads\EE2026_proj\FDP\FDP.xpr
# Log file: C:/Users/User/Downloads/EE2026_proj/FDP/vivado.log
# Journal file: C:/Users/User/Downloads/EE2026_proj/FDP\vivado.jou
#-----------------------------------------------------------
start_gui
open_project C:/Users/User/Downloads/EE2026_proj/FDP/FDP.xpr
update_compile_order -fileset sources_1
close [ open C:/Users/User/Downloads/EE2026_proj/FDP/FDP.srcs/sources_1/new/binary_to_decimal_extractor.v w ]
add_files C:/Users/User/Downloads/EE2026_proj/FDP/FDP.srcs/sources_1/new/binary_to_decimal_extractor.v
update_compile_order -fileset sources_1
close [ open C:/Users/User/Downloads/EE2026_proj/FDP/FDP.srcs/sources_1/new/fractional_part_decoder.v w ]
add_files C:/Users/User/Downloads/EE2026_proj/FDP/FDP.srcs/sources_1/new/fractional_part_decoder.v
update_compile_order -fileset sources_1
close [ open C:/Users/User/Downloads/EE2026_proj/FDP/FDP.srcs/sources_1/new/display_character_encoder.v w ]
add_files C:/Users/User/Downloads/EE2026_proj/FDP/FDP.srcs/sources_1/new/display_character_encoder.v
update_compile_order -fileset sources_1
close [ open C:/Users/User/Downloads/EE2026_proj/FDP/FDP.srcs/sources_1/new/fixedpoint_to_display_string.v w ]
add_files C:/Users/User/Downloads/EE2026_proj/FDP/FDP.srcs/sources_1/new/fixedpoint_to_display_string.v
update_compile_order -fileset sources_1
close [ open C:/Users/User/Downloads/EE2026_proj/FDP/FDP.srcs/sources_1/new/fp_to_string.v w ]
add_files C:/Users/User/Downloads/EE2026_proj/FDP/FDP.srcs/sources_1/new/fp_to_string.v
update_compile_order -fileset sources_1
export_ip_user_files -of_objects  [get_files C:/Users/User/Downloads/EE2026_proj/FDP/FDP.srcs/sources_1/new/fixedpoint_to_display_string.v] -no_script -reset -force -quiet
remove_files  C:/Users/User/Downloads/EE2026_proj/FDP/FDP.srcs/sources_1/new/fixedpoint_to_display_string.v
file delete -force C:/Users/User/Downloads/EE2026_proj/FDP/FDP.srcs/sources_1/new/fixedpoint_to_display_string.v
export_ip_user_files -of_objects  [get_files C:/Users/User/Downloads/EE2026_proj/FDP/FDP.srcs/sources_1/new/fractional_part_decoder.v] -no_script -reset -force -quiet
export_ip_user_files -of_objects  [get_files C:/Users/User/Downloads/EE2026_proj/FDP/FDP.srcs/sources_1/new/display_character_encoder.v] -no_script -reset -force -quiet
export_ip_user_files -of_objects  [get_files C:/Users/User/Downloads/EE2026_proj/FDP/FDP.srcs/sources_1/new/binary_to_decimal_extractor.v] -no_script -reset -force -quiet
remove_files  {C:/Users/User/Downloads/EE2026_proj/FDP/FDP.srcs/sources_1/new/fractional_part_decoder.v C:/Users/User/Downloads/EE2026_proj/FDP/FDP.srcs/sources_1/new/display_character_encoder.v C:/Users/User/Downloads/EE2026_proj/FDP/FDP.srcs/sources_1/new/binary_to_decimal_extractor.v}
file delete -force C:/Users/User/Downloads/EE2026_proj/FDP/FDP.srcs/sources_1/new/fractional_part_decoder.v C:/Users/User/Downloads/EE2026_proj/FDP/FDP.srcs/sources_1/new/display_character_encoder.v C:/Users/User/Downloads/EE2026_proj/FDP/FDP.srcs/sources_1/new/binary_to_decimal_extractor.v
set_property SOURCE_SET sources_1 [get_filesets sim_1]
close [ open C:/Users/User/Downloads/EE2026_proj/FDP/FDP.srcs/sim_1/new/tb_fp_to_string_sequential.v w ]
add_files -fileset sim_1 C:/Users/User/Downloads/EE2026_proj/FDP/FDP.srcs/sim_1/new/tb_fp_to_string_sequential.v
update_compile_order -fileset sim_1
# Disabling source management mode.  This is to allow the top design properties to be set without GUI intervention.
set_property source_mgmt_mode None [current_project]
set_property top tb_fp_to_string [get_filesets sim_1]
set_property top_lib xil_defaultlib [get_filesets sim_1]
# Re-enabling previously disabled source management mode.
set_property source_mgmt_mode All [current_project]
update_compile_order -fileset sim_1
launch_simulation
source tb_fp_to_string.tcl
run 10 s
restart
run 10 s
restart
run 10 s
close_sim
launch_simulation
source tb_fp_to_string.tcl
run 50000ns
/run 50000ns
run 50000ns
run 50000ns
restart
run all
add_wave /tb_fp_to_string/*
restart
run 50us
run 50us
restart
run 50us
add_wave /tb_fp_to_string/uut/state
add_wave /tb_fp_to_string/uut/phase
add_wave /tb_fp_to_string/uut/pos
add_wave /tb_fp_to_string/uut/digit_lim
add_wave /tb_fp_to_string/uut/work_reg
add_wave /tb_fp_to_string/uut/conversion_done
restart
run 5us
restart
run 5us
run 50us
close_sim
launch_simulation
source tb_fp_to_string.tcl
add_wave /tb_fp_to_string/uut/state
add_wave /tb_fp_to_string/uut/phase
add_wave /tb_fp_to_string/uut/pos
add_wave /tb_fp_to_string/uut/digit_lim
add_wave /tb_fp_to_string/uut/work_reg
add_wave /tb_fp_to_string/uut/conversion_done
restart
run 5us
restart
run 5us
restart
run 5us
restart
restart
run 5us
restart
run 5us
restart
run 5us
restart
run 5us
update_compile_order -fileset sim_1
update_compile_order -fileset sim_1
restart
run 5us
restart
update_compile_order -fileset sim_1
run 5us
restart
run 5us
launch_simulation
source Top_Student.tcl
restart
run 5us
close_sim
launch_simulation
source Top_Student.tcl
launch_simulation
close_sim
launch_simulation
# Disabling source management mode.  This is to allow the top design properties to be set without GUI intervention.
set_property source_mgmt_mode None [current_project]
set_property top tb_arithmetic_bcd_to_fp_input_system [get_filesets sim_1]
set_property top_lib xil_defaultlib [get_filesets sim_1]
# Re-enabling previously disabled source management mode.
set_property source_mgmt_mode All [current_project]
update_compile_order -fileset sim_1
# Disabling source management mode.  This is to allow the top design properties to be set without GUI intervention.
set_property source_mgmt_mode None [current_project]
set_property top tb_fp_to_string_sequential [get_filesets sim_1]
set_property top_lib xil_defaultlib [get_filesets sim_1]
# Re-enabling previously disabled source management mode.
set_property source_mgmt_mode All [current_project]
update_compile_order -fileset sim_1
update_compile_order -fileset sim_1
# Disabling source management mode.  This is to allow the top design properties to be set without GUI intervention.
set_property source_mgmt_mode None [current_project]
set_property top tb_arithmetic_bcd_to_fp_input_system [get_filesets sim_1]
set_property top_lib xil_defaultlib [get_filesets sim_1]
# Re-enabling previously disabled source management mode.
set_property source_mgmt_mode All [current_project]
update_compile_order -fileset sim_1
launch_simulation
source tb_arithmetic_bcd_to_fp_input_system.tcl
# Disabling source management mode.  This is to allow the top design properties to be set without GUI intervention.
set_property source_mgmt_mode None [current_project]
set_property top tb_fp_to_string [get_filesets sim_1]
set_property top_lib xil_defaultlib [get_filesets sim_1]
# Re-enabling previously disabled source management mode.
set_property source_mgmt_mode All [current_project]
update_compile_order -fileset sim_1
current_sim simulation_3
close_sim
launch_simulation
launch_simulation
source tb_fp_to_string.tcl
restart
run 5us
restart
run 5us
close_sim
launch_simulation
source tb_fp_to_string.tcl
restart
run 5us
close_sim
launch_simulation
launch_simulation
launch_simulation
launch_simulation
source tb_fp_to_string.tcl
close_sim
launch_simulation
source tb_fp_to_string.tcl
restart
run 5us
close_sim
launch_simulation
launch_simulation
source tb_fp_to_string.tcl
close_sim
launch_simulation
source tb_fp_to_string.tcl
restart
run 5us
close_sim
launch_simulation
launch_simulation
launch_simulation
source tb_fp_to_string.tcl
restart
run 5us
close_sim
launch_simulation
source tb_fp_to_string.tcl
# Disabling source management mode.  This is to allow the top design properties to be set without GUI intervention.
set_property source_mgmt_mode None [current_project]
set_property top tb_arithmetic_bcd_to_fp_input_system [get_filesets sim_1]
set_property top_lib xil_defaultlib [get_filesets sim_1]
# Re-enabling previously disabled source management mode.
set_property source_mgmt_mode All [current_project]
update_compile_order -fileset sim_1
current_sim simulation_6
close_sim
launch_simulation
source tb_arithmetic_bcd_to_fp_input_system.tcl
restart
run 5us
close_sim
close_sim
