Copyright 1986-2018 Xilinx, Inc. All Rights Reserved.
----------------------------------------------------------------------------------------
| Tool Version : Vivado v.2018.2 (win64) Build 2258646 Thu Jun 14 20:03:12 MDT 2018
| Date         : Fri Nov  7 22:47:18 2025
| Host         : DESKTOP-LT7QO6N running 64-bit major release  (build 9200)
| Command      : report_control_sets -verbose -file Top_Student_control_sets_placed.rpt
| Design       : Top_Student
| Device       : xc7a35t
----------------------------------------------------------------------------------------

Control Set Information

Table of Contents
-----------------
1. Summary
2. Histogram
3. Flip-Flop Distribution
4. Detailed Control Set Information

1. Summary
----------

+----------------------------------------------------------+-------+
|                          Status                          | Count |
+----------------------------------------------------------+-------+
| Number of unique control sets                            |    71 |
| Unused register locations in slices containing registers |   222 |
+----------------------------------------------------------+-------+


2. Histogram
------------

+--------+--------------+
| Fanout | Control Sets |
+--------+--------------+
|      2 |            2 |
|      4 |            1 |
|      8 |           17 |
|     10 |           27 |
|     12 |            1 |
|    16+ |           23 |
+--------+--------------+


3. Flip-Flop Distribution
-------------------------

+--------------+-----------------------+------------------------+-----------------+--------------+
| Clock Enable | Synchronous Set/Reset | Asynchronous Set/Reset | Total Registers | Total Slices |
+--------------+-----------------------+------------------------+-----------------+--------------+
| No           | No                    | No                     |             228 |           63 |
| No           | No                    | Yes                    |               2 |            1 |
| No           | Yes                   | No                     |             382 |           60 |
| Yes          | No                    | No                     |            1016 |          239 |
| Yes          | No                    | Yes                    |             108 |           31 |
| Yes          | Yes                   | No                     |              74 |           12 |
+--------------+-----------------------+------------------------+-----------------+--------------+


4. Detailed Control Set Information
-----------------------------------

+------------------------------------------------------------------------------------------+--------------------------------------------------------------------------------+-----------------------------------------------------------------------------+------------------+----------------+
|                                       Clock Signal                                       |                                  Enable Signal                                 |                               Set/Reset Signal                              | Slice Load Count | Bel Load Count |
+------------------------------------------------------------------------------------------+--------------------------------------------------------------------------------+-----------------------------------------------------------------------------+------------------+----------------+
|  clk_1kHz_BUFG                                                                           |                                                                                | my_calculator/calc_engine/waiting_operand0                                  |                1 |              2 |
|  clk_1kHz_BUFG                                                                           |                                                                                | my_calculator/calc_engine/div_by_zero_reg_0                                 |                1 |              2 |
|  basys_clock_IBUF_BUFG                                                                   |                                                                                |                                                                             |                2 |              4 |
|  my_calculator/display_selector/operand_inst/button_char_renderer/E[0]                   |                                                                                |                                                                             |                2 |              8 |
|  my_calculator/display_selector/operand_inst/button_char_renderer/active_pixel_reg_10[0] |                                                                                |                                                                             |                3 |              8 |
|  clk_6p25MHz_BUFG                                                                        | my_calculator/text_selector/output_inst/converter_inst/digit_mem[3][3]_i_1_n_0 |                                                                             |                4 |              8 |
|  clk_6p25MHz_BUFG                                                                        |                                                                                | my_calculator/text_selector/input_inst/blink_counter[3]_i_1_n_0             |                1 |              8 |
|  clk_6p25MHz_BUFG                                                                        | my_calculator/text_selector/input_inst/display_string[45]_i_2_n_0              | my_calculator/text_selector/input_inst/display_string[45]_i_1_n_0           |                3 |              8 |
|  clk_6p25MHz_BUFG                                                                        | my_calculator/text_selector/output_inst/converter_inst/digit_mem[4][3]_i_1_n_0 |                                                                             |                2 |              8 |
|  clk_6p25MHz_BUFG                                                                        | my_calculator/text_selector/output_inst/converter_inst/digit_mem[5][3]_i_1_n_0 |                                                                             |                2 |              8 |
| ~clk_6p25MHz_BUFG                                                                        |                                                                                |                                                                             |                4 |              8 |
|  clk_6p25MHz_BUFG                                                                        | my_calculator/text_selector/output_inst/converter_inst/temp_div[15]_i_1_n_0    | my_calculator/text_selector/output_inst/converter_inst/temp_div[13]_i_1_n_0 |                2 |              8 |
|  clk_6p25MHz_BUFG                                                                        | my_calculator/text_selector/output_inst/converter_inst/digit_mem[0][3]_i_1_n_0 |                                                                             |                4 |              8 |
|  clk_6p25MHz_BUFG                                                                        | my_calculator/text_selector/input_inst/char_index[3]_i_1_n_0                   |                                                                             |                2 |              8 |
|  clk_6p25MHz_BUFG                                                                        | my_calculator/text_selector/input_inst/display_string[39]_i_2_n_0              | my_calculator/text_selector/input_inst/display_string[39]_i_1_n_0           |                2 |              8 |
|  clk_6p25MHz_BUFG                                                                        | my_calculator/text_selector/output_inst/converter_inst/digit_mem[1][3]_i_1_n_0 |                                                                             |                1 |              8 |
|  clk_6p25MHz_BUFG                                                                        | my_calculator/text_selector/output_inst/converter_inst/digit_mem[6][3]_i_1_n_0 |                                                                             |                3 |              8 |
|  clk_6p25MHz_BUFG                                                                        | my_calculator/text_selector/output_inst/converter_inst/digit_mem[7][3]_i_1_n_0 |                                                                             |                4 |              8 |
|  clk_6p25MHz_BUFG                                                                        | my_calculator/text_selector/output_inst/converter_inst/digit_mem[2][3]_i_1_n_0 |                                                                             |                1 |              8 |
|  clk_1kHz_BUFG                                                                           | my_calculator/input_builder/event_dispatcher/position                          |                                                                             |                2 |              8 |
|  clk_6p25MHz_BUFG                                                                        | my_calculator/text_selector/input_inst/display_string[10]_i_1_n_0              |                                                                             |                3 |             10 |
|  clk_6p25MHz_BUFG                                                                        | my_calculator/text_selector/input_inst/display_string[16]_i_1_n_0              |                                                                             |                3 |             10 |
|  clk_6p25MHz_BUFG                                                                        | my_calculator/text_selector/input_inst/display_string[34]_i_1_n_0              |                                                                             |                3 |             10 |
|  clk_6p25MHz_BUFG                                                                        | my_calculator/text_selector/input_inst/display_string[28]_i_1_n_0              |                                                                             |                4 |             10 |
|  clk_6p25MHz_BUFG                                                                        | my_calculator/text_selector/input_inst/display_string[22]_i_1_n_0              |                                                                             |                4 |             10 |
|  clk_6p25MHz_BUFG                                                                        | my_calculator/text_selector/input_inst/display_string[4]_i_1_n_0               |                                                                             |                3 |             10 |
|  clk_1kHz_BUFG                                                                           | my_calculator/cursor_ctrl/debounce_C[5]_i_2_n_0                                | my_calculator/cursor_ctrl/debounce_C[5]_i_1_n_0                             |                1 |             10 |
|  clk_6p25MHz_BUFG                                                                        | my_calculator/text_selector/output_inst/converter_inst/result[17]_i_1_n_0      |                                                                             |                5 |             10 |
|  clk_6p25MHz_BUFG                                                                        | my_calculator/text_selector/output_inst/converter_inst/result[29]_i_1_n_0      |                                                                             |                4 |             10 |
|  clk_6p25MHz_BUFG                                                                        | my_calculator/text_selector/output_inst/converter_inst/result[35]_i_1_n_0      |                                                                             |                2 |             10 |
|  clk_6p25MHz_BUFG                                                                        | my_calculator/text_selector/output_inst/converter_inst/result[23]_i_1_n_0      |                                                                             |                4 |             10 |
|  clk_6p25MHz_BUFG                                                                        | my_calculator/text_selector/output_inst/converter_inst/result[47]_i_1_n_0      |                                                                             |                4 |             10 |
|  clk_6p25MHz_BUFG                                                                        | my_calculator/text_selector/output_inst/converter_inst/result[41]_i_1_n_0      |                                                                             |                3 |             10 |
|  clk_6p25MHz_BUFG                                                                        | my_calculator/text_selector/output_inst/converter_inst/result[5]_i_1_n_0       |                                                                             |                5 |             10 |
|  clk_1kHz_BUFG                                                                           | my_calculator/cursor_ctrl/debounce_D[5]_i_2_n_0                                | my_calculator/cursor_ctrl/debounce_D[5]_i_1_n_0                             |                1 |             10 |
|  clk_1kHz_BUFG                                                                           | my_calculator/cursor_ctrl/debounce_R[5]_i_2_n_0                                | my_calculator/cursor_ctrl/debounce_R[5]_i_1_n_0                             |                1 |             10 |
|  clk_1kHz_BUFG                                                                           | my_calculator/cursor_ctrl/debounce_L[5]_i_2_n_0                                | my_calculator/cursor_ctrl/debounce_L[5]_i_1_n_0                             |                1 |             10 |
|  clk_1kHz_BUFG                                                                           | my_calculator/cursor_ctrl/debounce_U[5]_i_2_n_0                                | my_calculator/cursor_ctrl/debounce_U[5]_i_1_n_0                             |                1 |             10 |
|  clk_1kHz_BUFG                                                                           | my_calculator/cursor_ctrl/buffer_mem_reg[4][0][0]                              | my_calculator/calc_engine/waiting_operand0                                  |                2 |             10 |
|  clk_1kHz_BUFG                                                                           | my_calculator/cursor_ctrl/buffer_mem_reg[5][0][0]                              | my_calculator/calc_engine/waiting_operand0                                  |                3 |             10 |
|  clk_1kHz_BUFG                                                                           | my_calculator/cursor_ctrl/buffer_mem_reg[6][0][0]                              | my_calculator/calc_engine/waiting_operand0                                  |                2 |             10 |
|  clk_1kHz_BUFG                                                                           | my_calculator/cursor_ctrl/buffer_mem_reg[3][0][0]                              | my_calculator/calc_engine/waiting_operand0                                  |                4 |             10 |
|  clk_1kHz_BUFG                                                                           | my_calculator/cursor_ctrl/E[0]                                                 | my_calculator/calc_engine/waiting_operand0                                  |                2 |             10 |
|  clk_1kHz_BUFG                                                                           | my_calculator/cursor_ctrl/buffer_mem_reg[2][0][0]                              | my_calculator/calc_engine/waiting_operand0                                  |                2 |             10 |
|  clk_1kHz_BUFG                                                                           | my_calculator/input_builder/event_dispatcher/char_types[7][0]_i_1_n_0          | my_calculator/calc_engine/waiting_operand0                                  |                3 |             10 |
|  clk_1kHz_BUFG                                                                           | my_calculator/input_builder/event_dispatcher/dot_location[3]_i_1_n_0           | my_calculator/calc_engine/waiting_operand0                                  |                4 |             10 |
|  clk_6p25MHz_BUFG                                                                        | my_calculator/text_selector/output_inst/converter_inst/result[11]_i_1_n_0      |                                                                             |                5 |             10 |
|  clk_1kHz_BUFG                                                                           | my_calculator/input_builder/event_dispatcher/char_types[0][1]_i_1_n_0          | my_calculator/calc_engine/waiting_operand0                                  |                4 |             12 |
|  clk_6p25MHz_BUFG                                                                        | my_calculator/text_selector/output_inst/converter_inst/pos                     |                                                                             |                5 |             16 |
|  clk_1kHz_BUFG                                                                           | my_calculator/input_builder/event_dispatcher/total_chars0                      | my_calculator/calc_engine/waiting_operand0                                  |                5 |             16 |
|  clk_1kHz_BUFG                                                                           | my_calculator/cursor_ctrl/counter[8]_i_1_n_0                                   |                                                                             |                3 |             18 |
|  clk_6p25MHz_BUFG                                                                        | my_calculator/text_selector/output_inst/converter_inst/temp_div[15]_i_1_n_0    |                                                                             |               10 |             24 |
| ~clk_6p25MHz_BUFG                                                                        |                                                                                | second_display/frame_counter[16]_i_1__0_n_0                                 |                4 |             32 |
| ~clk_6p25MHz_BUFG                                                                        |                                                                                | first_display/frame_counter[16]_i_1_n_0                                     |                4 |             32 |
| ~clk_6p25MHz_BUFG                                                                        | second_display/delay[0]_i_1__0_n_0                                             |                                                                             |                5 |             40 |
| ~clk_6p25MHz_BUFG                                                                        | first_display/delay[0]_i_1_n_0                                                 |                                                                             |                5 |             40 |
|  clk_6p25MHz_BUFG                                                                        | my_calculator/text_selector/output_inst/converter_inst/neg_flag                |                                                                             |               15 |             62 |
| ~clk_6p25MHz_BUFG                                                                        | second_display/FSM_onehot_state[31]_i_1__0_n_0                                 |                                                                             |               17 |             64 |
| ~clk_6p25MHz_BUFG                                                                        | first_display/FSM_onehot_state[31]_i_1_n_0                                     |                                                                             |                9 |             64 |
|  clk_1kHz_BUFG                                                                           | my_calculator/input_builder/event_processor/FSM_onehot_phase_reg_n_0_[2]       |                                                                             |                5 |             64 |
|  basys_clock_IBUF_BUFG                                                                   |                                                                                | clk_1kHz_gen/COUNT[0]_i_1__0_n_0                                            |                8 |             64 |
|  basys_clock_IBUF_BUFG                                                                   |                                                                                | clk_6p25MHz_gen/clear                                                       |                8 |             64 |
|  clk_1kHz_BUFG                                                                           | my_calculator/input_builder/event_dispatcher/divisor                           |                                                                             |               11 |             64 |
|  clk_1kHz_BUFG                                                                           | my_calculator/input_builder/event_dispatcher/value_accum                       |                                                                             |                8 |             64 |
|  clk_1kHz_BUFG                                                                           | my_calculator/input_builder/overflow2__2                                       |                                                                             |               21 |             64 |
|  clk_6p25MHz_BUFG                                                                        |                                                                                |                                                                             |               23 |             82 |
|  clk_6p25MHz_BUFG                                                                        | my_calculator/text_selector/input_inst/last_has_decimal_i_1_n_0                |                                                                             |               11 |             82 |
| ~clk_6p25MHz_BUFG                                                                        |                                                                                | second_display/spi_word[39]_i_1__0_n_0                                      |               16 |             90 |
| ~clk_6p25MHz_BUFG                                                                        |                                                                                | first_display/spi_word[39]_i_1_n_0                                          |               18 |             90 |
|  clk_1kHz_BUFG                                                                           |                                                                                |                                                                             |               29 |            118 |
|  clk_1kHz_BUFG                                                                           | my_calculator/input_builder/event_processor/fp_value_reg[31]                   |                                                                             |               37 |            130 |
+------------------------------------------------------------------------------------------+--------------------------------------------------------------------------------+-----------------------------------------------------------------------------+------------------+----------------+


